******************************************************************************
                  MSP430 Linker PC v3.3.1                      
******************************************************************************
>> Linked Tue May 24 17:56:24 2011

OUTPUT FILE NAME:   <SIAER.out>
ENTRY POINT SYMBOL: "_c_int00"  address: 0000a58e


MEMORY CONFIGURATION

         name            origin    length      used     unused   attr    fill
----------------------  --------  ---------  --------  --------  ----  --------
  SFR                   00000000   00000010  00000000  00000010  RWIX
  PERIPHERALS_8BIT      00000010   000000f0  00000000  000000f0  RWIX
  PERIPHERALS_16BIT     00000100   00000100  00000000  00000100  RWIX
  INFOD                 00001800   00000080  00000000  00000080  RWIX
  INFOC                 00001880   00000080  00000000  00000080  RWIX
  INFOB                 00001900   00000080  00000000  00000080  RWIX
  INFOA                 00001980   00000080  00000000  00000080  RWIX
  RAM                   00001c00   00000ffe  00000633  000009cb  RWIX
  FLASH                 00008000   00007f80  00002ebf  000050c1  RWIX
  INT00                 0000ff80   00000002  00000000  00000002  RWIX
  INT01                 0000ff82   00000002  00000000  00000002  RWIX
  INT02                 0000ff84   00000002  00000000  00000002  RWIX
  INT03                 0000ff86   00000002  00000000  00000002  RWIX
  INT04                 0000ff88   00000002  00000000  00000002  RWIX
  INT05                 0000ff8a   00000002  00000000  00000002  RWIX
  INT06                 0000ff8c   00000002  00000000  00000002  RWIX
  INT07                 0000ff8e   00000002  00000000  00000002  RWIX
  INT08                 0000ff90   00000002  00000000  00000002  RWIX
  INT09                 0000ff92   00000002  00000000  00000002  RWIX
  INT10                 0000ff94   00000002  00000000  00000002  RWIX
  INT11                 0000ff96   00000002  00000000  00000002  RWIX
  INT12                 0000ff98   00000002  00000000  00000002  RWIX
  INT13                 0000ff9a   00000002  00000000  00000002  RWIX
  INT14                 0000ff9c   00000002  00000000  00000002  RWIX
  INT15                 0000ff9e   00000002  00000000  00000002  RWIX
  INT16                 0000ffa0   00000002  00000000  00000002  RWIX
  INT17                 0000ffa2   00000002  00000000  00000002  RWIX
  INT18                 0000ffa4   00000002  00000000  00000002  RWIX
  INT19                 0000ffa6   00000002  00000000  00000002  RWIX
  INT20                 0000ffa8   00000002  00000000  00000002  RWIX
  INT21                 0000ffaa   00000002  00000000  00000002  RWIX
  INT22                 0000ffac   00000002  00000000  00000002  RWIX
  INT23                 0000ffae   00000002  00000000  00000002  RWIX
  INT24                 0000ffb0   00000002  00000000  00000002  RWIX
  INT25                 0000ffb2   00000002  00000000  00000002  RWIX
  INT26                 0000ffb4   00000002  00000000  00000002  RWIX
  INT27                 0000ffb6   00000002  00000000  00000002  RWIX
  INT28                 0000ffb8   00000002  00000000  00000002  RWIX
  INT29                 0000ffba   00000002  00000000  00000002  RWIX
  INT30                 0000ffbc   00000002  00000000  00000002  RWIX
  INT31                 0000ffbe   00000002  00000000  00000002  RWIX
  INT32                 0000ffc0   00000002  00000000  00000002  RWIX
  INT33                 0000ffc2   00000002  00000000  00000002  RWIX
  INT34                 0000ffc4   00000002  00000000  00000002  RWIX
  INT35                 0000ffc6   00000002  00000000  00000002  RWIX
  INT36                 0000ffc8   00000002  00000000  00000002  RWIX
  INT37                 0000ffca   00000002  00000000  00000002  RWIX
  INT38                 0000ffcc   00000002  00000000  00000002  RWIX
  INT39                 0000ffce   00000002  00000000  00000002  RWIX
  INT40                 0000ffd0   00000002  00000000  00000002  RWIX
  INT41                 0000ffd2   00000002  00000000  00000002  RWIX
  INT42                 0000ffd4   00000002  00000000  00000002  RWIX
  INT43                 0000ffd6   00000002  00000000  00000002  RWIX
  INT44                 0000ffd8   00000002  00000000  00000002  RWIX
  INT45                 0000ffda   00000002  00000000  00000002  RWIX
  INT46                 0000ffdc   00000002  00000000  00000002  RWIX
  INT47                 0000ffde   00000002  00000000  00000002  RWIX
  INT48                 0000ffe0   00000002  00000000  00000002  RWIX
  INT49                 0000ffe2   00000002  00000000  00000002  RWIX
  INT50                 0000ffe4   00000002  00000000  00000002  RWIX
  INT51                 0000ffe6   00000002  00000002  00000000  RWIX
  INT52                 0000ffe8   00000002  00000000  00000002  RWIX
  INT53                 0000ffea   00000002  00000002  00000000  RWIX
  INT54                 0000ffec   00000002  00000000  00000002  RWIX
  INT55                 0000ffee   00000002  00000000  00000002  RWIX
  INT56                 0000fff0   00000002  00000000  00000002  RWIX
  INT57                 0000fff2   00000002  00000000  00000002  RWIX
  INT58                 0000fff4   00000002  00000002  00000000  RWIX
  INT59                 0000fff6   00000002  00000000  00000002  RWIX
  INT60                 0000fff8   00000002  00000000  00000002  RWIX
  INT61                 0000fffa   00000002  00000000  00000002  RWIX
  INT62                 0000fffc   00000002  00000000  00000002  RWIX
  RESET                 0000fffe   00000002  00000002  00000000  RWIX


SECTION ALLOCATION MAP

 output                                  attributes/
section   page    origin      length       input sections
--------  ----  ----------  ----------   ----------------
.pinit     0    00008000    00000000     UNINITIALIZED

.bss       0    00001c00    00000593     UNINITIALIZED
                  00001c00    000003fc     msg.obj (.bss)
                  00001ffc    00000080     nwk_QMgmt.obj (.bss)
                  0000207c    00000042     nwk.obj (.bss)
                  000020be    00000039     mrfi.obj (.bss)
                  000020f7    00000001     nwk_api.obj (.bss)
                  000020f8    0000002a     main_AP_Async_Listen_autoack.obj (.bss)
                  00002122    00000018     nwk_security.obj (.bss)
                  0000213a    00000010     uart.obj (.bss)
                  0000214a    0000000a     nwk_frame.obj (.bss)
                  00002154    0000000a     nwk_link.obj (.bss)
                  0000215e    00000009     nwk_globals.obj (.bss)
                  00002167    00000001     nwk_ping.obj (.bss)
                  00002168    00000009     nwk_join.obj (.bss)
                  00002171    00000001     --HOLE--
                  00002172    00000008     rts430x.lib : _lock.obj (.bss)
                  0000217a    00000008                 : boot.obj (.bss)
                  00002182    00000008                 : memory.obj (.bss)
                  0000218a    00000003     main_manyEDs_autoack.obj (.bss)
                  0000218d    00000001     --HOLE--
                  0000218e    00000003     nwk_mgmt.obj (.bss)
                  00002191    00000002     nwk_freq.obj (.bss)

.sysmem    0    00002194    00000050     UNINITIALIZED
                  00002194    00000004     rts430x.lib : memory.obj (.sysmem)
                  00002198    0000004c     --HOLE--

.stack     0    00002bac    00000050     UNINITIALIZED
                  00002bac    00000002     rts430x.lib : boot.obj (.stack)
                  00002bae    0000004e     --HOLE--

.text      0    00008000    00002cf4     
                  00008000    000001ec     nwk_link.obj (.text:smpl_send_link_reply)
                  000081ec    000001b0     nwk_link.obj (.text:nwk_link)
                  0000839c    00000176     mrfi.obj (.text:MRFI_Init)
                  00008512    00000166     msg.obj (.text:ReportEventUart)
                  00008678    00000130     nwk_api.obj (.text:SMPL_Ioctl)
                  000087a8    00000122     nwk_join.obj (.text:nwk_join)
                  000088ca    00000114     nwk_security.obj (.text:nwk_getSecureFrame)
                  000089de    00000108     nwk_api.obj (.text:SMPL_SendOpt)
                  00008ae6    000000fa     nwk_freq.obj (.text:nwk_scanForChannels)
                  00008be0    000000f6     mrfi.obj (.text:Mrfi_SyncPinRxIsr)
                  00008cd6    000000f2     nwk_frame.obj (.text:nwk_retrieveFrame)
                  00008dc8    000000ee     nwk_QMgmt.obj (.text:nwk_QfindOldest)
                  00008eb6    000000da     main_manyEDs_autoack.obj (.text:linkTo)
                  00008f90    000000d4     nwk.obj (.text:nwk_allocateLocalRxPort)
                  00009064    000000c6     mrfi.obj (.text:MRFI_Transmit)
                  0000912a    000000ba     nwk_security.obj (.text:xtea_encipher)
                  000091e4    000000ae     msg.obj (.text:AddBarcodeBuffer)
                  00009292    000000a6     rts430x.lib : memory.obj (.text:malloc)
                  00009338    000000a2     nwk_frame.obj (.text:dispatchFrame)
                  000093da    0000009c     nwk_ioctl.obj (.text:nwk_radioControl)
                  00009476    00000096     uart.obj (.text:TrataIntUartRx)
                  0000950c    00000090     mrfi.obj (.text:mrfiRadioInterfaceCmdStrobe)
                  0000959c    00000090     nwk_frame.obj (.text:nwk_buildFrame)
                  0000962c    00000090     nwk_security.obj (.text:nwk_setSecureFrame)
                  000096bc    0000008e     nwk.obj (.text:nwk_isConnectionValid)
                  0000974a    0000008e     nwk_frame.obj (.text:nwk_sendAckReply)
                  000097d8    00000086     nwk.obj (.text:nwk_nwkInit)
                  0000985e    00000080     rts430x.lib : memory.obj (.text:free)
                  000098de    00000076     nwk_QMgmt.obj (.text:nwk_QfindSlot)
                  00009954    00000076     nwk_link.obj (.text:smpl_send_unlink_reply)
                  000099ca    0000006c     nwk_security.obj (.text:msg_encipher)
                  00009a36    00000068     mrfi.obj (.text:_isr:MRFI_RadioIsr)
                  00009a9e    00000068     main_manyEDs_autoack.obj (.text:main_end_device)
                  00009b06    00000064     mrfi.obj (.text:mrfiRadioInterfaceReadRxFifo)
                  00009b6a    00000060     nwk_ioctl.obj (.text:nwk_rawSend)
                  00009bca    0000005c     msg.obj (.text:set_bus_guiche)
                  00009c26    00000054     nwk_ping.obj (.text:smpl_send_ping_reply)
                  00009c7a    00000052     bsp.obj (.text:Bsp_SetClocks)
                  00009ccc    00000052     msg.obj (.text:TrataMsgSimpliciti)
                  00009d1e    00000052     uart.obj (.text:init_uart)
                  00009d70    00000050     msg.obj (.text:Encode_siaer_data_onibus)
                  00009dc0    00000046     bsp.obj (.text:SetVCoreUp)
                  00009e06    00000046     rts430x.lib : autoinit.obj (.text:_auto_init)
                  00009e4c    00000046     mrfi.obj (.text:mrfiRadioInterfaceReadReg)
                  00009e92    00000044     nwk_api.obj (.text:SMPL_Receive)
                  00009ed6    00000042     nwk_api.obj (.text:SMPL_Init)
                  00009f18    00000042     nwk.obj (.text:nwk_getNextConnection)
                  00009f5a    00000040     nwk.obj (.text:nwk_isValidReply)
                  00009f9a    0000003e     msg.obj (.text:InitBusGuiche)
                  00009fd8    0000003e     rts430x.lib : lsl32.obj (.text:l_lsl_const)
                  0000a016    0000003e                 : lsr32.obj (.text:l_lsr_const)
                  0000a054    0000003e     nwk.obj (.text:nwk_findPeer)
                  0000a092    0000003c     mrfi.obj (.text:MRFI_ReplyDelay)
                  0000a0ce    0000003c     nwk.obj (.text:nwk_isLinkDuplicate)
                  0000a10a    0000003a     mrfi.obj (.text:Mrfi_RxAddrIsFiltered)
                  0000a144    0000003a     nwk_freq.obj (.text:change_channel_cmd_is_valid)
                  0000a17e    0000003a     rts430x.lib : memory.obj (.text:minit)
                  0000a1b8    0000003a     nwk_freq.obj (.text:nwk_freqControl)
                  0000a1f2    0000003a     nwk_mgmt.obj (.text:nwk_processMgmt)
                  0000a22c    00000038     nwk.obj (.text:initializeConnection)
                  0000a264    00000036     nwk.obj (.text:nwk_putNumObjectIntoMsg)
                  0000a29a    00000034     bsp.obj (.text:BSP_Delay)
                  0000a2ce    00000034     mrfi.obj (.text:mrfiRadioInterfaceWriteReg)
                  0000a302    00000034     mrfi.obj (.text:mrfiRadioInterfaceWriteTxFifo)
                  0000a336    00000032     mrfi.obj (.text:MRFI_SetLogicalChannel)
                  0000a368    00000032     nwk_ioctl.obj (.text:nwk_deviceAddress)
                  0000a39a    00000030     nwk_freq.obj (.text:handle_freq_cmd)
                  0000a3ca    00000030     nwk_link.obj (.text:nwk_linkInit)
                  0000a3fa    00000030     nwk_ioctl.obj (.text:nwk_rawReceive)
                  0000a42a    00000030     nwk_frame.obj (.text:nwk_sendFrame)
                  0000a45a    0000002e     mrfi.obj (.text:Mrfi_CalculateRssi)
                  0000a488    0000002e     nwk_freq.obj (.text:nwk_processFreq)
                  0000a4b6    0000002c     mrfi.obj (.text:Mrfi_RxModeOff)
                  0000a4e2    0000002c     nwk_QMgmt.obj (.text:nwk_QadjustOrder)
                  0000a50e    0000002c     rts430x.lib : div16s.obj (.text)
                  0000a53a    0000002a     mrfi.obj (.text:MRFI_SetRxAddrFilter)
                  0000a564    0000002a     mrfi.obj (.text:Mrfi_DelayUsecSem)
                  0000a58e    0000002a     rts430x.lib : boot.obj (.text:_isr:_c_int00_noexit)
                  0000a5b8    0000002a                 : memory.obj (.text:calloc)
                  0000a5e2    0000002a     nwk.obj (.text:map_lid2idx)
                  0000a60c    00000028     nwk_globals.obj (.text:nwk_getAPAddress)
                  0000a634    00000028     nwk.obj (.text:nwk_getConnInfo)
                  0000a65c    00000028     nwk_ping.obj (.text:nwk_processPing)
                  0000a684    00000026     bsp.obj (.text:SetVCoreDown)
                  0000a6aa    00000026     msg.obj (.text:TrataMsg)
                  0000a6d0    00000026     nwk_link.obj (.text:handleLinkRequest)
                  0000a6f6    00000026     nwk.obj (.text:nwk_checkConnInfo)
                  0000a71c    00000026     nwk_globals.obj (.text:nwk_globalsInit)
                  0000a742    00000026     nwk_join.obj (.text:nwk_joinInit)
                  0000a768    00000026     nwk_link.obj (.text:nwk_processLink)
                  0000a78e    00000024     mrfi.obj (.text:MRFI_Sleep)
                  0000a7b2    00000024     mrfi.obj (.text:Mrfi_DelayUsec)
                  0000a7d6    00000024     bsp.obj (.text:SetVCore)
                  0000a7fa    00000024     rts430x.lib : memcmp.obj (.text:memcmp)
                  0000a81e    00000022     mrfi.obj (.text:MRFI_WakeUp)
                  0000a840    00000022     nwk_frame.obj (.text:nwk_buildAckReqFrame)
                  0000a862    00000020     bsp.obj (.text:BSP_Init)
                  0000a882    00000020     mrfi.obj (.text:MRFI_Rssi)
                  0000a8a2    00000020     nwk_frame.obj (.text:MRFI_RxCompleteISR)
                  0000a8c2    00000020     mrfi.obj (.text:MRFI_RxIdle)
                  0000a8e2    00000020     mrfi.obj (.text:MRFI_RxOn)
                  0000a902    00000020     rts430x.lib : memmov.obj (.text:memmove)
                  0000a922    00000020     nwk_ioctl.obj (.text:nwk_connectionControl)
                  0000a942    0000001e     mrfi.obj (.text:MRFI_EnableRxAddrFilter)
                  0000a960    0000001e     mrfi.obj (.text:Mrfi_RandomBackoffDelay)
                  0000a97e    0000001e     nwk_frame.obj (.text:nwk_frameInit)
                  0000a99c    0000001e     nwk_globals.obj (.text:nwk_setMyAddress)
                  0000a9ba    0000001c     timer.obj (.text:_isr:TIMER1_A0_ISR)
                  0000a9d6    0000001c     nwk_QMgmt.obj (.text:nwk_QInit)
                  0000a9f2    0000001c     nwk_join.obj (.text:nwk_processJoin)
                  0000aa0e    0000001c     nwk_freq.obj (.text:nwk_setChannel)
                  0000aa2a    0000001a     mrfi.obj (.text:MRFI_SetRFPwr)
                  0000aa44    00000018     mrfi.obj (.text:MRFI_DelayMs)
                  0000aa5c    00000016     bsp.obj (.text:BSP_InitLeds)
                  0000aa72    00000016     mrfi.obj (.text:MRFI_RandomByte)
                  0000aa88    00000016     mrfi.obj (.text:Mrfi_RxModeOn)
                  0000aa9e    00000016     uart.obj (.text:TXString)
                  0000aab4    00000016     timer.obj (.text:Timer1_Init)
                  0000aaca    00000016     nwk_freq.obj (.text:nwk_freqInit)
                  0000aae0    00000016     rts430x.lib : div16u.obj (.text)
                  0000aaf6    00000016                 : mult16_f5hw.obj (.text)
                  0000ab0c    00000016     main_manyEDs_autoack.obj (.text:toggleLED)
                  0000ab22    00000014     uart.obj (.text:_isr:USCI_A0_ISR)
                  0000ab36    00000014     nwk_api.obj (.text:ioctlPreInitAccessIsOK)
                  0000ab4a    00000014     main.obj (.text:main)
                  0000ab5e    00000014     rts430x.lib : memset.obj (.text:memset)
                  0000ab72    00000012     bsp.obj (.text:_system_pre_init)
                  0000ab84    00000012     nwk_security.obj (.text:calcFCS)
                  0000ab96    00000012     nwk_freq.obj (.text:change_channel_cmd)
                  0000aba8    00000012     rts430x.lib : memcpy.obj (.text:memcpy)
                  0000abba    00000012     nwk_join.obj (.text:nwk_getJoinToken)
                  0000abcc    00000012     nwk_link.obj (.text:nwk_getLinkToken)
                  0000abde    00000012     nwk_globals.obj (.text:nwk_getMyAddress)
                  0000abf0    00000012     nwk_join.obj (.text:nwk_setJoinToken)
                  0000ac02    00000012     nwk_link.obj (.text:nwk_setLinkToken)
                  0000ac14    00000012     main_manyEDs_autoack.obj (.text:sCB)
                  0000ac26    00000010     bsp.obj (.text:BSP_InitBoard)
                  0000ac36    0000000e     bsp.obj (.text:BSP_InitButtons)
                  0000ac44    0000000c     mrfi.obj (.text:MRFI_PostKillSem)
                  0000ac50    0000000c     mrfi.obj (.text:MRFI_Receive)
                  0000ac5c    0000000c     nwk_ping.obj (.text:handlePingRequest)
                  0000ac68    0000000c     nwk.obj (.text:nwk_getNumObjectFromMsg)
                  0000ac74    0000000c     nwk_globals.obj (.text:nwk_setAPAddress)
                  0000ac80    0000000a     nwk_mgmt.obj (.text:nwk_mgmtInit)
                  0000ac8a    0000000a     nwk_ping.obj (.text:nwk_pingInit)
                  0000ac94    0000000a     nwk_security.obj (.text:nwk_securityInit)
                  0000ac9e    00000008     bsp.obj (.text:BSP_InitDrivers)
                  0000aca6    00000008     bsp.obj (.text:Bsp_SetVCore)
                  0000acae    00000008     nwk_freq.obj (.text:nwk_getChannel)
                  0000acb6    00000006     mrfi.obj (.text:MRFI_GetRadioState)
                  0000acbc    00000006     nwk_api.obj (.text:SMPL_Send)
                  0000acc2    00000006     nwk.obj (.text:nwk_freeConnection)
                  0000acc8    00000006     nwk_globals.obj (.text:nwk_getBCastAddress)
                  0000acce    00000006     nwk_globals.obj (.text:nwk_getFWVersion)
                  0000acd4    00000006     nwk_frame.obj (.text:nwk_getMyRxType)
                  0000acda    00000004     nwk_api.obj (.text:SMPL_Link)
                  0000acde    00000004     rts430x.lib : exit.obj (.text:abort)
                  0000ace2    00000004     nwk.obj (.text:nwk_NVObj)
                  0000ace6    00000004     nwk_globals.obj (.text:nwk_getProtocolVersion)
                  0000acea    00000004     nwk_security.obj (.text:nwk_processSecurity)
                  0000acee    00000004     nwk_freq.obj (.text:send_ping_reply)
                  0000acf2    00000002     rts430x.lib : _lock.obj (.text:_nop)

.cinit     0    0000acf4    00000144     
                  0000acf4    0000004d     mrfi.obj (.cinit)
                  0000ad41    00000001     --HOLE-- [fill = 0]
                  0000ad42    00000020     nwk_frame.obj (.cinit)
                  0000ad62    00000020     nwk_security.obj (.cinit)
                  0000ad82    00000019     nwk_link.obj (.cinit)
                  0000ad9b    00000001     --HOLE-- [fill = 0]
                  0000ad9c    00000018     uart.obj (.cinit)
                  0000adb4    00000017     main_AP_Async_Listen_autoack.obj (.cinit)
                  0000adcb    00000001     --HOLE-- [fill = 0]
                  0000adcc    00000015     nwk_join.obj (.cinit)
                  0000ade1    00000001     --HOLE-- [fill = 0]
                  0000ade2    00000011     main_manyEDs_autoack.obj (.cinit)
                  0000adf3    00000001     --HOLE-- [fill = 0]
                  0000adf4    00000011     msg.obj (.cinit)
                  0000ae05    00000001     --HOLE-- [fill = 0]
                  0000ae06    0000000b     nwk_mgmt.obj (.cinit)
                  0000ae11    00000001     --HOLE-- [fill = 0]
                  0000ae12    00000006     rts430x.lib : memory.obj (.cinit)
                  0000ae18    00000005     nwk.obj (.cinit)
                  0000ae1d    00000001     --HOLE-- [fill = 0]
                  0000ae1e    00000005     nwk_api.obj (.cinit)
                  0000ae23    00000001     --HOLE-- [fill = 0]
                  0000ae24    00000005     nwk_freq.obj (.cinit)
                  0000ae29    00000001     --HOLE-- [fill = 0]
                  0000ae2a    00000005     nwk_globals.obj (.cinit)
                  0000ae2f    00000001     --HOLE-- [fill = 0]
                  0000ae30    00000005     nwk_ping.obj (.cinit)
                  0000ae35    00000001     --HOLE-- [fill = 0]
                  0000ae36    00000002     (.pad.cinit) [fill = 0]

.const     0    0000ae38    00000087     
                  0000ae38    00000040     mrfi.obj (.const:mrfiRadioCfg)
                  0000ae78    00000018     nwk_frame.obj (.const:func)
                  0000ae90    0000000d     msg.obj (.const:$P$T1$2)
                  0000ae9d    00000001     --HOLE-- [fill = 0]
                  0000ae9e    00000009     nwk_globals.obj (.const)
                  0000aea7    00000001     --HOLE-- [fill = 0]
                  0000aea8    00000006     msg.obj (.const:$P$T0$1)
                  0000aeae    00000005     nwk_security.obj (.const)
                  0000aeb3    00000001     --HOLE-- [fill = 0]
                  0000aeb4    00000004     mrfi.obj (.const:mrfiBroadcastAddr)
                  0000aeb8    00000004     mrfi.obj (.const:mrfiLogicalChanTable)
                  0000aebc    00000003     mrfi.obj (.const:mrfiRFPowerTable)

.int51     0    0000ffe6    00000002     
                  0000ffe6    00000002     timer.obj (.int51)

.int53     0    0000ffea    00000002     
                  0000ffea    00000002     mrfi.obj (.int53)

.int58     0    0000fff4    00000002     
                  0000fff4    00000002     uart.obj (.int58)

.reset     0    0000fffe    00000002     
                  0000fffe    00000002     rts430x.lib : boot.obj (.reset)


GLOBAL SYMBOLS: SORTED ALPHABETICALLY BY Name 

address    name
--------   ----
00001c00   .bss
00008000   .text
00000700   ADC12CTL0
00000701   ADC12CTL0_H
00000700   ADC12CTL0_L
00000702   ADC12CTL1
00000703   ADC12CTL1_H
00000702   ADC12CTL1_L
00000704   ADC12CTL2
00000705   ADC12CTL2_H
00000704   ADC12CTL2_L
0000070c   ADC12IE
0000070d   ADC12IE_H
0000070c   ADC12IE_L
0000070a   ADC12IFG
0000070b   ADC12IFG_H
0000070a   ADC12IFG_L
0000070e   ADC12IV
0000070f   ADC12IV_H
0000070e   ADC12IV_L
00000710   ADC12MCTL0
00000711   ADC12MCTL1
0000071a   ADC12MCTL10
0000071b   ADC12MCTL11
0000071c   ADC12MCTL12
0000071d   ADC12MCTL13
0000071e   ADC12MCTL14
0000071f   ADC12MCTL15
00000712   ADC12MCTL2
00000713   ADC12MCTL3
00000714   ADC12MCTL4
00000715   ADC12MCTL5
00000716   ADC12MCTL6
00000717   ADC12MCTL7
00000718   ADC12MCTL8
00000719   ADC12MCTL9
00000720   ADC12MEM0
00000721   ADC12MEM0_H
00000720   ADC12MEM0_L
00000722   ADC12MEM1
00000734   ADC12MEM10
00000735   ADC12MEM10_H
00000734   ADC12MEM10_L
00000736   ADC12MEM11
00000737   ADC12MEM11_H
00000736   ADC12MEM11_L
00000738   ADC12MEM12
00000739   ADC12MEM12_H
00000738   ADC12MEM12_L
0000073a   ADC12MEM13
0000073b   ADC12MEM13_H
0000073a   ADC12MEM13_L
0000073c   ADC12MEM14
0000073d   ADC12MEM14_H
0000073c   ADC12MEM14_L
0000073e   ADC12MEM15
0000073f   ADC12MEM15_H
0000073e   ADC12MEM15_L
00000723   ADC12MEM1_H
00000722   ADC12MEM1_L
00000724   ADC12MEM2
00000725   ADC12MEM2_H
00000724   ADC12MEM2_L
00000726   ADC12MEM3
00000727   ADC12MEM3_H
00000726   ADC12MEM3_L
00000728   ADC12MEM4
00000729   ADC12MEM4_H
00000728   ADC12MEM4_L
0000072a   ADC12MEM5
0000072b   ADC12MEM5_H
0000072a   ADC12MEM5_L
0000072c   ADC12MEM6
0000072d   ADC12MEM6_H
0000072c   ADC12MEM6_L
0000072e   ADC12MEM7
0000072f   ADC12MEM7_H
0000072e   ADC12MEM7_L
00000730   ADC12MEM8
00000731   ADC12MEM8_H
00000730   ADC12MEM8_L
00000732   ADC12MEM9
00000733   ADC12MEM9_H
00000732   ADC12MEM9_L
000009c0   AESACTL0
000009c1   AESACTL0_H
000009c0   AESACTL0_L
000009c8   AESADIN
000009c9   AESADIN_H
000009c8   AESADIN_L
000009ca   AESADOUT
000009cb   AESADOUT_H
000009ca   AESADOUT_L
000009c6   AESAKEY
000009c7   AESAKEY_H
000009c6   AESAKEY_L
000009c4   AESASTAT
000009c5   AESASTAT_H
000009c4   AESASTAT_L
000091e4   AddBarcodeBuffer
0000a29a   BSP_Delay
0000a862   BSP_Init
0000ac26   BSP_InitBoard
0000ac36   BSP_InitButtons
0000ac9e   BSP_InitDrivers
0000aa5c   BSP_InitLeds
0000acde   C$$EXIT
000008c0   CBCTL0
000008c1   CBCTL0_H
000008c0   CBCTL0_L
000008c2   CBCTL1
000008c3   CBCTL1_H
000008c2   CBCTL1_L
000008c4   CBCTL2
000008c5   CBCTL2_H
000008c4   CBCTL2_L
000008c6   CBCTL3
000008c7   CBCTL3_H
000008c6   CBCTL3_L
000008cc   CBINT
000008cd   CBINT_H
000008cc   CBINT_L
000008ce   CBIV
00000150   CRCDI
00000152   CRCDIRB
00000153   CRCDIRB_H
00000152   CRCDIRB_L
00000151   CRCDI_H
00000150   CRCDI_L
00000154   CRCINIRES
00000155   CRCINIRES_H
00000154   CRCINIRES_L
00000156   CRCRESR
00000157   CRCRESR_H
00000156   CRCRESR_L
00001ffb   Conexao
00000510   DMA0CTL
00000511   DMA0CTL_H
00000510   DMA0CTL_L
00000516   DMA0DA
00000516   DMA0DAL
00000512   DMA0SA
00000512   DMA0SAL
0000051a   DMA0SZ
00000520   DMA1CTL
00000521   DMA1CTL_H
00000520   DMA1CTL_L
00000526   DMA1DA
00000526   DMA1DAL
00000522   DMA1SA
00000522   DMA1SAL
0000052a   DMA1SZ
00000530   DMA2CTL
00000531   DMA2CTL_H
00000530   DMA2CTL_L
00000536   DMA2DA
00000536   DMA2DAL
00000532   DMA2SA
00000532   DMA2SAL
0000053a   DMA2SZ
00000500   DMACTL0
00000501   DMACTL0_H
00000500   DMACTL0_L
00000502   DMACTL1
00000503   DMACTL1_H
00000502   DMACTL1_L
00000504   DMACTL2
00000505   DMACTL2_H
00000504   DMACTL2_L
00000506   DMACTL3
00000507   DMACTL3_H
00000506   DMACTL3_L
00000508   DMACTL4
00000509   DMACTL4_H
00000508   DMACTL4_L
0000050e   DMAIV
0000050f   DMAIV_H
0000050e   DMAIV_L
00001c9c   DST
0000213a   ESTADO_RX_UART
00009d70   Encode_siaer_data_onibus
00000140   FCTL1
00000141   FCTL1_H
00000140   FCTL1_L
00000144   FCTL3
00000145   FCTL3_H
00000144   FCTL3_L
00000146   FCTL4
00000147   FCTL4_H
00000146   FCTL4_L
00001c72   Guiche
00009f9a   InitBusGuiche
00000a04   LCDBBLKCTL
00000a05   LCDBBLKCTL_H
00000a04   LCDBBLKCTL_L
00000a12   LCDBCPCTL
00000a13   LCDBCPCTL_H
00000a12   LCDBCPCTL_L
00000a00   LCDBCTL0
00000a01   LCDBCTL0_H
00000a00   LCDBCTL0_L
00000a02   LCDBCTL1
00000a03   LCDBCTL1_H
00000a02   LCDBCTL1_L
00000a1e   LCDBIV
00000a40   LCDBM1
00000a49   LCDBM10
00000a4a   LCDBM11
00000a4b   LCDBM12
00000a4c   LCDBM13
00000a4d   LCDBM14
00000a4e   LCDBM15
00000a4f   LCDBM16
00000a50   LCDBM17
00000a51   LCDBM18
00000a52   LCDBM19
00000a41   LCDBM2
00000a53   LCDBM20
00000a54   LCDBM21
00000a55   LCDBM22
00000a56   LCDBM23
00000a57   LCDBM24
00000a42   LCDBM3
00000a43   LCDBM4
00000a44   LCDBM5
00000a45   LCDBM6
00000a46   LCDBM7
00000a47   LCDBM8
00000a48   LCDBM9
00000a06   LCDBMEMCTL
00000a07   LCDBMEMCTL_H
00000a06   LCDBMEMCTL_L
00000a0a   LCDBPCTL0
00000a0b   LCDBPCTL0_H
00000a0a   LCDBPCTL0_L
00000a0c   LCDBPCTL1
00000a0d   LCDBPCTL1_H
00000a0c   LCDBPCTL1_L
00000a0e   LCDBPCTL2
00000a0f   LCDBPCTL2_H
00000a0e   LCDBPCTL2_L
00000a10   LCDBPCTL3
00000a11   LCDBPCTL3_H
00000a10   LCDBPCTL3_L
00000a08   LCDBVCTL
00000a09   LCDBVCTL_H
00000a08   LCDBVCTL_L
00000a20   LCDM1
00000a29   LCDM10
00000a2a   LCDM11
00000a2b   LCDM12
00000a2c   LCDM13
00000a2d   LCDM14
00000a2e   LCDM15
00000a2f   LCDM16
00000a30   LCDM17
00000a31   LCDM18
00000a32   LCDM19
00000a21   LCDM2
00000a33   LCDM20
00000a34   LCDM21
00000a35   LCDM22
00000a36   LCDM23
00000a37   LCDM24
00000a22   LCDM3
00000a23   LCDM4
00000a24   LCDM5
00000a25   LCDM6
00000a26   LCDM7
00000a27   LCDM8
00000a28   LCDM9
0000a010   L_LSL_1
00009fec   L_LSL_10
00009fe8   L_LSL_11
00009fe4   L_LSL_12
00009fe0   L_LSL_13
00009fdc   L_LSL_14
00009fd8   L_LSL_15
0000a00c   L_LSL_2
0000a008   L_LSL_3
0000a004   L_LSL_4
0000a000   L_LSL_5
00009ffc   L_LSL_6
00009ff8   L_LSL_7
00009ff4   L_LSL_8
00009ff0   L_LSL_9
0000a04e   L_LSR_1
0000a02a   L_LSR_10
0000a026   L_LSR_11
0000a022   L_LSR_12
0000a01e   L_LSR_13
0000a01a   L_LSR_14
0000a016   L_LSR_15
0000a04a   L_LSR_2
0000a046   L_LSR_3
0000a042   L_LSR_4
0000a03e   L_LSR_5
0000a03a   L_LSR_6
0000a036   L_LSR_7
0000a032   L_LSR_8
0000a02e   L_LSR_9
000004c4   MAC
000004da   MAC32H
000004db   MAC32H_H
000004da   MAC32H_L
000004d8   MAC32L
000004d9   MAC32L_H
000004d8   MAC32L_L
000004c6   MACS
000004de   MACS32H
000004df   MACS32H_H
000004de   MACS32H_L
000004dc   MACS32L
000004dd   MACS32L_H
000004dc   MACS32L_L
000004c7   MACS_H
000004c6   MACS_L
000004c5   MAC_H
000004c4   MAC_L
000004c0   MPY
000004ec   MPY32CTL0
000004ed   MPY32CTL0_H
000004ec   MPY32CTL0_L
000004d2   MPY32H
000004d3   MPY32H_H
000004d2   MPY32H_L
000004d0   MPY32L
000004d1   MPY32L_H
000004d0   MPY32L_L
000004c2   MPYS
000004d6   MPYS32H
000004d7   MPYS32H_H
000004d6   MPYS32H_L
000004d4   MPYS32L
000004d5   MPYS32L_H
000004d4   MPYS32L_L
000004c3   MPYS_H
000004c2   MPYS_L
000004c1   MPY_H
000004c0   MPY_L
0000aa44   MRFI_DelayMs
0000a942   MRFI_EnableRxAddrFilter
0000acb6   MRFI_GetRadioState
0000839c   MRFI_Init
0000ac44   MRFI_PostKillSem
00009a36   MRFI_RadioIsr
0000aa72   MRFI_RandomByte
0000ac50   MRFI_Receive
0000a092   MRFI_ReplyDelay
0000a882   MRFI_Rssi
0000a8a2   MRFI_RxCompleteISR
0000a8c2   MRFI_RxIdle
0000a8e2   MRFI_RxOn
0000a336   MRFI_SetLogicalChannel
0000aa2a   MRFI_SetRFPwr
0000a53a   MRFI_SetRxAddrFilter
0000a78e   MRFI_Sleep
00009064   MRFI_Transmit
0000a81e   MRFI_WakeUp
000004c8   OP2
000004e2   OP2H
000004e3   OP2H_H
000004e2   OP2H_L
000004e0   OP2L
000004e1   OP2L_H
000004e0   OP2L_L
000004c9   OP2_H
000004c8   OP2_L
00001c00   Onibus
0000020e   P1IV
000001c8   P1MAP01
000001c9   P1MAP01_H
000001c8   P1MAP01_L
000001ca   P1MAP23
000001cb   P1MAP23_H
000001ca   P1MAP23_L
000001cc   P1MAP45
000001cd   P1MAP45_H
000001cc   P1MAP45_L
000001ce   P1MAP67
000001cf   P1MAP67_H
000001ce   P1MAP67_L
0000021e   P2IV
000001d0   P2MAP01
000001d1   P2MAP01_H
000001d0   P2MAP01_L
000001d2   P2MAP23
000001d3   P2MAP23_H
000001d2   P2MAP23_L
000001d4   P2MAP45
000001d5   P2MAP45_H
000001d4   P2MAP45_L
000001d6   P2MAP67
000001d7   P2MAP67_H
000001d6   P2MAP67_L
000001d8   P3MAP01
000001d9   P3MAP01_H
000001d8   P3MAP01_L
000001da   P3MAP23
000001db   P3MAP23_H
000001da   P3MAP23_L
000001dc   P3MAP45
000001dd   P3MAP45_H
000001dc   P3MAP45_L
000001de   P3MAP67
000001df   P3MAP67_H
000001de   P3MAP67_L
00000204   PADIR
00000205   PADIR_H
00000204   PADIR_L
00000208   PADS
00000209   PADS_H
00000208   PADS_L
0000021a   PAIE
00000218   PAIES
00000219   PAIES_H
00000218   PAIES_L
0000021b   PAIE_H
0000021a   PAIE_L
0000021c   PAIFG
0000021d   PAIFG_H
0000021c   PAIFG_L
00000200   PAIN
00000201   PAIN_H
00000200   PAIN_L
00000202   PAOUT
00000203   PAOUT_H
00000202   PAOUT_L
00000206   PAREN
00000207   PAREN_H
00000206   PAREN_L
0000020a   PASEL
0000020b   PASEL_H
0000020a   PASEL_L
00000224   PBDIR
00000225   PBDIR_H
00000224   PBDIR_L
00000228   PBDS
00000229   PBDS_H
00000228   PBDS_L
00000220   PBIN
00000221   PBIN_H
00000220   PBIN_L
00000222   PBOUT
00000223   PBOUT_H
00000222   PBOUT_L
00000226   PBREN
00000227   PBREN_H
00000226   PBREN_L
0000022a   PBSEL
0000022b   PBSEL_H
0000022a   PBSEL_L
00000244   PCDIR
00000245   PCDIR_H
00000244   PCDIR_L
00000248   PCDS
00000249   PCDS_H
00000248   PCDS_L
00000240   PCIN
00000241   PCIN_H
00000240   PCIN_L
00000242   PCOUT
00000243   PCOUT_H
00000242   PCOUT_L
00000246   PCREN
00000247   PCREN_H
00000246   PCREN_L
0000024a   PCSEL
0000024b   PCSEL_H
0000024a   PCSEL_L
00000324   PJDIR
00000325   PJDIR_H
00000324   PJDIR_L
00000328   PJDS
00000329   PJDS_H
00000328   PJDS_L
00000320   PJIN
00000321   PJIN_H
00000320   PJIN_L
00000322   PJOUT
00000323   PJOUT_H
00000322   PJOUT_L
00000326   PJREN
00000327   PJREN_H
00000326   PJREN_L
000001c2   PMAPCTL
000001c3   PMAPCTL_H
000001c2   PMAPCTL_L
000001c0   PMAPKEYID
000001c1   PMAPKEYID_H
000001c0   PMAPKEYID_L
00000120   PMMCTL0
00000121   PMMCTL0_H
00000120   PMMCTL0_L
00000122   PMMCTL1
00000123   PMMCTL1_H
00000122   PMMCTL1_L
0000012c   PMMIFG
0000012d   PMMIFG_H
0000012c   PMMIFG_L
0000012e   PMMRIE
0000012f   PMMRIE_H
0000012e   PMMRIE_L
00000158   RCCTL0
00000159   RCCTL0_H
00000158   RCCTL0_L
000001b0   REFCTL0
000001b1   REFCTL0_H
000001b0   REFCTL0_L
000004e4   RES0
000004e5   RES0_H
000004e4   RES0_L
000004e6   RES1
000004e7   RES1_H
000004e6   RES1_L
000004e8   RES2
000004e9   RES2_H
000004e8   RES2_L
000004ea   RES3
000004eb   RES3_H
000004ea   RES3_L
000004cc   RESHI
000004cd   RESHI_H
000004cc   RESHI_L
000004ca   RESLO
000004cb   RESLO_H
000004ca   RESLO_L
00000f16   RF1ADINW
00000f17   RF1ADINW_H
00000f16   RF1ADINW_L
00000f28   RF1ADOUT0W
00000f29   RF1ADOUT0W_H
00000f28   RF1ADOUT0W_L
00000f2a   RF1ADOUT1W
00000f2b   RF1ADOUT1W_H
00000f2a   RF1ADOUT1W_L
00000f2c   RF1ADOUT2W
00000f2d   RF1ADOUT2W_H
00000f2c   RF1ADOUT2W_L
00000f36   RF1AIE
00000f34   RF1AIES
00000f35   RF1AIES_H
00000f34   RF1AIES_L
00000f37   RF1AIE_H
00000f36   RF1AIE_L
00000f00   RF1AIFCTL0
00000f01   RF1AIFCTL0_H
00000f00   RF1AIFCTL0_L
00000f02   RF1AIFCTL1
00000f03   RF1AIFCTL1_H
00000f02   RF1AIFCTL1_L
00000f04   RF1AIFCTL2
00000f05   RF1AIFCTL2_H
00000f04   RF1AIFCTL2_L
00000f06   RF1AIFERR
00000f0c   RF1AIFERRV
00000f0d   RF1AIFERRV_H
00000f0c   RF1AIFERRV_L
00000f07   RF1AIFERR_H
00000f06   RF1AIFERR_L
00000f32   RF1AIFG
00000f33   RF1AIFG_H
00000f32   RF1AIFG_L
00000f0e   RF1AIFIV
00000f0f   RF1AIFIV_H
00000f0e   RF1AIFIV_L
00000f30   RF1AIN
00000f12   RF1AINSTR1W
00000f13   RF1AINSTR1W_H
00000f12   RF1AINSTR1W_L
00000f14   RF1AINSTR2W
00000f15   RF1AINSTR2W_H
00000f14   RF1AINSTR2W_L
00000f10   RF1AINSTRW
00000f11   RF1AINSTRW_H
00000f10   RF1AINSTRW_L
00000f31   RF1AIN_H
00000f30   RF1AIN_L
00000f38   RF1AIV
00000f39   RF1AIV_H
00000f38   RF1AIV_L
00000f3c   RF1ARXFIFO
00000f3d   RF1ARXFIFO_H
00000f3c   RF1ARXFIFO_L
00000f20   RF1ASTAT0W
00000f21   RF1ASTAT0W_H
00000f20   RF1ASTAT0W_L
00000f22   RF1ASTAT1W
00000f23   RF1ASTAT1W_H
00000f22   RF1ASTAT1W_L
00000f24   RF1ASTAT2W
00000f25   RF1ASTAT2W_H
00000f24   RF1ASTAT2W_L
00000f3e   RF1ATXFIFO
00000f3f   RF1ATXFIFO_H
00000f3e   RF1ATXFIFO_L
000004ba   RTCADOWDAY
000004bb   RTCADOWDAY_H
000004ba   RTCADOWDAY_L
000004b8   RTCAMINHR
000004b9   RTCAMINHR_H
000004b8   RTCAMINHR_L
000004a0   RTCCTL01
000004a1   RTCCTL01_H
000004a0   RTCCTL01_L
000004a2   RTCCTL23
000004a3   RTCCTL23_H
000004a2   RTCCTL23_L
000004b4   RTCDATE
000004b5   RTCDATE_H
000004b4   RTCDATE_L
000004ae   RTCIV
000004ac   RTCPS
000004a8   RTCPS0CTL
000004a9   RTCPS0CTL_H
000004a8   RTCPS0CTL_L
000004aa   RTCPS1CTL
000004ab   RTCPS1CTL_H
000004aa   RTCPS1CTL_L
000004ad   RTCPS_H
000004ac   RTCPS_L
000004b0   RTCTIM0
000004b1   RTCTIM0_H
000004b0   RTCTIM0_L
000004b2   RTCTIM1
000004b3   RTCTIM1_H
000004b2   RTCTIM1_L
000004b6   RTCYEAR
000004b7   RTCYEAR_H
000004b6   RTCYEAR_L
00008512   ReportEventUart
00000100   SFRIE1
00000101   SFRIE1_H
00000100   SFRIE1_L
00000102   SFRIFG1
00000103   SFRIFG1_H
00000102   SFRIFG1_L
00000104   SFRRPCR
00000105   SFRRPCR_H
00000104   SFRRPCR_L
00009ed6   SMPL_Init
00008678   SMPL_Ioctl
0000acda   SMPL_Link
00009e92   SMPL_Receive
0000acbc   SMPL_Send
000089de   SMPL_SendOpt
00001c9a   SRC
000004ce   SUMEXT
000004cf   SUMEXT_H
000004ce   SUMEXT_L
00000124   SVSMHCTL
00000125   SVSMHCTL_H
00000124   SVSMHCTL_L
00000128   SVSMIO
00000129   SVSMIO_H
00000128   SVSMIO_L
00000126   SVSMLCTL
00000127   SVSMLCTL_H
00000126   SVSMLCTL_L
00000198   SYSBERRIV
00000199   SYSBERRIV_H
00000198   SYSBERRIV_L
00000182   SYSBSLC
00000183   SYSBSLC_H
00000182   SYSBSLC_L
00000180   SYSCTL
00000181   SYSCTL_H
00000180   SYSCTL_L
00000186   SYSJMBC
00000187   SYSJMBC_H
00000186   SYSJMBC_L
00000188   SYSJMBI0
00000189   SYSJMBI0_H
00000188   SYSJMBI0_L
0000018a   SYSJMBI1
0000018b   SYSJMBI1_H
0000018a   SYSJMBI1_L
0000018c   SYSJMBO0
0000018d   SYSJMBO0_H
0000018c   SYSJMBO0_L
0000018e   SYSJMBO1
0000018f   SYSJMBO1_H
0000018e   SYSJMBO1_L
0000019e   SYSRSTIV
0000019f   SYSRSTIV_H
0000019e   SYSRSTIV_L
0000019c   SYSSNIV
0000019d   SYSSNIV_H
0000019c   SYSSNIV_L
0000019a   SYSUNIV
0000019b   SYSUNIV_H
0000019a   SYSUNIV_L
00000352   TA0CCR0
00000353   TA0CCR0_H
00000352   TA0CCR0_L
00000354   TA0CCR1
00000355   TA0CCR1_H
00000354   TA0CCR1_L
00000356   TA0CCR2
00000357   TA0CCR2_H
00000356   TA0CCR2_L
00000358   TA0CCR3
00000359   TA0CCR3_H
00000358   TA0CCR3_L
0000035a   TA0CCR4
0000035b   TA0CCR4_H
0000035a   TA0CCR4_L
00000342   TA0CCTL0
00000343   TA0CCTL0_H
00000342   TA0CCTL0_L
00000344   TA0CCTL1
00000345   TA0CCTL1_H
00000344   TA0CCTL1_L
00000346   TA0CCTL2
00000347   TA0CCTL2_H
00000346   TA0CCTL2_L
00000348   TA0CCTL3
00000349   TA0CCTL3_H
00000348   TA0CCTL3_L
0000034a   TA0CCTL4
0000034b   TA0CCTL4_H
0000034a   TA0CCTL4_L
00000340   TA0CTL
00000341   TA0CTL_H
00000340   TA0CTL_L
00000360   TA0EX0
00000361   TA0EX0_H
00000360   TA0EX0_L
0000036e   TA0IV
0000036f   TA0IV_H
0000036e   TA0IV_L
00000350   TA0R
00000351   TA0R_H
00000350   TA0R_L
00000392   TA1CCR0
00000393   TA1CCR0_H
00000392   TA1CCR0_L
00000394   TA1CCR1
00000395   TA1CCR1_H
00000394   TA1CCR1_L
00000396   TA1CCR2
00000397   TA1CCR2_H
00000396   TA1CCR2_L
00000382   TA1CCTL0
00000383   TA1CCTL0_H
00000382   TA1CCTL0_L
00000384   TA1CCTL1
00000385   TA1CCTL1_H
00000384   TA1CCTL1_L
00000386   TA1CCTL2
00000387   TA1CCTL2_H
00000386   TA1CCTL2_L
00000380   TA1CTL
00000381   TA1CTL_H
00000380   TA1CTL_L
000003a0   TA1EX0
000003a1   TA1EX0_H
000003a0   TA1EX0_L
000003ae   TA1IV
000003af   TA1IV_H
000003ae   TA1IV_L
00000390   TA1R
00000391   TA1R_H
00000390   TA1R_L
0000a9ba   TIMER1_A0_ISR
0000aa9e   TXString
0000aab4   Timer1_Init
00009476   TrataIntUartRx
0000a6aa   TrataMsg
00009ccc   TrataMsgSimpliciti
000005d0   UCA0ABCTL
000005c6   UCA0BRW
000005c7   UCA0BRW_H
000005c6   UCA0BRW_L
000005c0   UCA0CTLW0
000005c1   UCA0CTLW0_H
000005c0   UCA0CTLW0_L
000005dc   UCA0ICTL
000005dd   UCA0ICTL_H
000005dc   UCA0ICTL_L
000005d2   UCA0IRCTL
000005d3   UCA0IRCTL_H
000005d2   UCA0IRCTL_L
000005de   UCA0IV
000005c8   UCA0MCTL
000005cc   UCA0RXBUF
000005ca   UCA0STAT
000005ce   UCA0TXBUF
000005e6   UCB0BRW
000005e7   UCB0BRW_H
000005e6   UCB0BRW_L
000005e0   UCB0CTLW0
000005e1   UCB0CTLW0_H
000005e0   UCB0CTLW0_L
000005f0   UCB0I2COA
000005f1   UCB0I2COA_H
000005f0   UCB0I2COA_L
000005f2   UCB0I2CSA
000005f3   UCB0I2CSA_H
000005f2   UCB0I2CSA_L
000005fc   UCB0ICTL
000005fd   UCB0ICTL_H
000005fc   UCB0ICTL_L
000005fe   UCB0IV
000005ec   UCB0RXBUF
000005ea   UCB0STAT
000005ee   UCB0TXBUF
00000160   UCSCTL0
00000161   UCSCTL0_H
00000160   UCSCTL0_L
00000162   UCSCTL1
00000163   UCSCTL1_H
00000162   UCSCTL1_L
00000164   UCSCTL2
00000165   UCSCTL2_H
00000164   UCSCTL2_L
00000166   UCSCTL3
00000167   UCSCTL3_H
00000166   UCSCTL3_L
00000168   UCSCTL4
00000169   UCSCTL4_H
00000168   UCSCTL4_L
0000016a   UCSCTL5
0000016b   UCSCTL5_H
0000016a   UCSCTL5_L
0000016c   UCSCTL6
0000016d   UCSCTL6_H
0000016c   UCSCTL6_L
0000016e   UCSCTL7
0000016f   UCSCTL7_H
0000016e   UCSCTL7_L
00000170   UCSCTL8
00000171   UCSCTL8_H
00000170   UCSCTL8_L
0000ab22   USCI_A0_ISR
0000015c   WDTCTL
0000015d   WDTCTL_H
0000015c   WDTCTL_L
00002bfc   __STACK_END
00000050   __STACK_SIZE
00000050   __SYSMEM_SIZE
00000001   __TI_args_main
00000001   __TI_auto_init
00000001   __TI_exit
ffffffff   __binit__
00001c00   __bss__
ffffffff   __c_args__
0000acf4   __cinit__
0000a50e   __divi
0000aae0   __divu
00002193   __end__
0000acf4   __etext__
0000aaf6   __mpyi_f5hw
ffffffff   __pinit__
0000a50e   __remi
0000aae0   __remu
00008000   __text__
00009e06   _auto_init
0000a58e   _c_int00
0000a58e   _c_int00_noexit
0000217a   _cleanup_ptr
0000217e   _dtors_ptr
00002172   _lock
0000acf2   _nop
0000fffe   _reset_vector
00002bac   _stack
00002194   _sys_memory
0000ab72   _system_pre_init
00002176   _unlock
0000acde   abort
ffffffff   binit
00001ca2   buffer_a_transmitir
0000213c   buffer_uart_rx
0000a5b8   calloc
0000acf4   cinit
00002118   ed_data
0000218a   ed_send_request
00002193   end
0000acf4   etext
0000985e   free
00009d1e   init_uart
0000ab4a   main
00009a9e   main_end_device
00009292   malloc
0000a7fa   memcmp
0000aba8   memcpy
0000a902   memmove
0000ab5e   memset
000020f6   method
0000a17e   minit
0000aeb4   mrfiBroadcastAddr
0000ae38   mrfiRadioCfg
0000950c   mrfiRadioInterfaceCmdStrobe
00009e4c   mrfiRadioInterfaceReadReg
00009b06   mrfiRadioInterfaceReadRxFifo
0000a2ce   mrfiRadioInterfaceWriteReg
0000a302   mrfiRadioInterfaceWriteTxFifo
00001c75   msg
00001ffa   num_onibus_conectados
0000ace2   nwk_NVObj
0000a9d6   nwk_QInit
0000a4e2   nwk_QadjustOrder
00008dc8   nwk_QfindOldest
000098de   nwk_QfindSlot
00008f90   nwk_allocateLocalRxPort
0000a840   nwk_buildAckReqFrame
0000959c   nwk_buildFrame
0000a6f6   nwk_checkConnInfo
0000a922   nwk_connectionControl
0000a368   nwk_deviceAddress
0000a054   nwk_findPeer
0000a97e   nwk_frameInit
0000acc2   nwk_freeConnection
0000a1b8   nwk_freqControl
0000aaca   nwk_freqInit
0000a60c   nwk_getAPAddress
0000acc8   nwk_getBCastAddress
0000acae   nwk_getChannel
0000a634   nwk_getConnInfo
0000acce   nwk_getFWVersion
0000abba   nwk_getJoinToken
0000abcc   nwk_getLinkToken
0000abde   nwk_getMyAddress
0000acd4   nwk_getMyRxType
00009f18   nwk_getNextConnection
0000ac68   nwk_getNumObjectFromMsg
0000ace6   nwk_getProtocolVersion
000088ca   nwk_getSecureFrame
0000a71c   nwk_globalsInit
000096bc   nwk_isConnectionValid
0000a0ce   nwk_isLinkDuplicate
00009f5a   nwk_isValidReply
000087a8   nwk_join
0000a742   nwk_joinInit
000081ec   nwk_link
0000a3ca   nwk_linkInit
0000ac80   nwk_mgmtInit
000097d8   nwk_nwkInit
0000ac8a   nwk_pingInit
0000a488   nwk_processFreq
0000a9f2   nwk_processJoin
0000a768   nwk_processLink
0000a1f2   nwk_processMgmt
0000a65c   nwk_processPing
0000acea   nwk_processSecurity
0000a264   nwk_putNumObjectIntoMsg
000093da   nwk_radioControl
0000a3fa   nwk_rawReceive
00009b6a   nwk_rawSend
00008cd6   nwk_retrieveFrame
00008ae6   nwk_scanForChannels
0000ac94   nwk_securityInit
0000974a   nwk_sendAckReply
0000a42a   nwk_sendFrame
0000ac74   nwk_setAPAddress
0000aa0e   nwk_setChannel
0000abf0   nwk_setJoinToken
0000ac02   nwk_setLinkToken
0000a99c   nwk_setMyAddress
0000962c   nwk_setSecureFrame
ffffffff   pinit
0000213e   pos_buffer
00009bca   set_bus_guiche
00001c9e   simpliciti_ed_address
00001c90   simpliciti_msg
00002140   tamanho_buffer
0000ab0c   toggleLED
00002142   uart_msg


GLOBAL SYMBOLS: SORTED BY Symbol Address 

address    name
--------   ----
00000001   __TI_args_main
00000001   __TI_auto_init
00000001   __TI_exit
00000050   __STACK_SIZE
00000050   __SYSMEM_SIZE
00000100   SFRIE1
00000100   SFRIE1_L
00000101   SFRIE1_H
00000102   SFRIFG1
00000102   SFRIFG1_L
00000103   SFRIFG1_H
00000104   SFRRPCR
00000104   SFRRPCR_L
00000105   SFRRPCR_H
00000120   PMMCTL0
00000120   PMMCTL0_L
00000121   PMMCTL0_H
00000122   PMMCTL1
00000122   PMMCTL1_L
00000123   PMMCTL1_H
00000124   SVSMHCTL
00000124   SVSMHCTL_L
00000125   SVSMHCTL_H
00000126   SVSMLCTL
00000126   SVSMLCTL_L
00000127   SVSMLCTL_H
00000128   SVSMIO
00000128   SVSMIO_L
00000129   SVSMIO_H
0000012c   PMMIFG
0000012c   PMMIFG_L
0000012d   PMMIFG_H
0000012e   PMMRIE
0000012e   PMMRIE_L
0000012f   PMMRIE_H
00000140   FCTL1
00000140   FCTL1_L
00000141   FCTL1_H
00000144   FCTL3
00000144   FCTL3_L
00000145   FCTL3_H
00000146   FCTL4
00000146   FCTL4_L
00000147   FCTL4_H
00000150   CRCDI
00000150   CRCDI_L
00000151   CRCDI_H
00000152   CRCDIRB
00000152   CRCDIRB_L
00000153   CRCDIRB_H
00000154   CRCINIRES
00000154   CRCINIRES_L
00000155   CRCINIRES_H
00000156   CRCRESR
00000156   CRCRESR_L
00000157   CRCRESR_H
00000158   RCCTL0
00000158   RCCTL0_L
00000159   RCCTL0_H
0000015c   WDTCTL
0000015c   WDTCTL_L
0000015d   WDTCTL_H
00000160   UCSCTL0
00000160   UCSCTL0_L
00000161   UCSCTL0_H
00000162   UCSCTL1
00000162   UCSCTL1_L
00000163   UCSCTL1_H
00000164   UCSCTL2
00000164   UCSCTL2_L
00000165   UCSCTL2_H
00000166   UCSCTL3
00000166   UCSCTL3_L
00000167   UCSCTL3_H
00000168   UCSCTL4
00000168   UCSCTL4_L
00000169   UCSCTL4_H
0000016a   UCSCTL5
0000016a   UCSCTL5_L
0000016b   UCSCTL5_H
0000016c   UCSCTL6
0000016c   UCSCTL6_L
0000016d   UCSCTL6_H
0000016e   UCSCTL7
0000016e   UCSCTL7_L
0000016f   UCSCTL7_H
00000170   UCSCTL8
00000170   UCSCTL8_L
00000171   UCSCTL8_H
00000180   SYSCTL
00000180   SYSCTL_L
00000181   SYSCTL_H
00000182   SYSBSLC
00000182   SYSBSLC_L
00000183   SYSBSLC_H
00000186   SYSJMBC
00000186   SYSJMBC_L
00000187   SYSJMBC_H
00000188   SYSJMBI0
00000188   SYSJMBI0_L
00000189   SYSJMBI0_H
0000018a   SYSJMBI1
0000018a   SYSJMBI1_L
0000018b   SYSJMBI1_H
0000018c   SYSJMBO0
0000018c   SYSJMBO0_L
0000018d   SYSJMBO0_H
0000018e   SYSJMBO1
0000018e   SYSJMBO1_L
0000018f   SYSJMBO1_H
00000198   SYSBERRIV
00000198   SYSBERRIV_L
00000199   SYSBERRIV_H
0000019a   SYSUNIV
0000019a   SYSUNIV_L
0000019b   SYSUNIV_H
0000019c   SYSSNIV
0000019c   SYSSNIV_L
0000019d   SYSSNIV_H
0000019e   SYSRSTIV
0000019e   SYSRSTIV_L
0000019f   SYSRSTIV_H
000001b0   REFCTL0
000001b0   REFCTL0_L
000001b1   REFCTL0_H
000001c0   PMAPKEYID
000001c0   PMAPKEYID_L
000001c1   PMAPKEYID_H
000001c2   PMAPCTL
000001c2   PMAPCTL_L
000001c3   PMAPCTL_H
000001c8   P1MAP01
000001c8   P1MAP01_L
000001c9   P1MAP01_H
000001ca   P1MAP23
000001ca   P1MAP23_L
000001cb   P1MAP23_H
000001cc   P1MAP45
000001cc   P1MAP45_L
000001cd   P1MAP45_H
000001ce   P1MAP67
000001ce   P1MAP67_L
000001cf   P1MAP67_H
000001d0   P2MAP01
000001d0   P2MAP01_L
000001d1   P2MAP01_H
000001d2   P2MAP23
000001d2   P2MAP23_L
000001d3   P2MAP23_H
000001d4   P2MAP45
000001d4   P2MAP45_L
000001d5   P2MAP45_H
000001d6   P2MAP67
000001d6   P2MAP67_L
000001d7   P2MAP67_H
000001d8   P3MAP01
000001d8   P3MAP01_L
000001d9   P3MAP01_H
000001da   P3MAP23
000001da   P3MAP23_L
000001db   P3MAP23_H
000001dc   P3MAP45
000001dc   P3MAP45_L
000001dd   P3MAP45_H
000001de   P3MAP67
000001de   P3MAP67_L
000001df   P3MAP67_H
00000200   PAIN
00000200   PAIN_L
00000201   PAIN_H
00000202   PAOUT
00000202   PAOUT_L
00000203   PAOUT_H
00000204   PADIR
00000204   PADIR_L
00000205   PADIR_H
00000206   PAREN
00000206   PAREN_L
00000207   PAREN_H
00000208   PADS
00000208   PADS_L
00000209   PADS_H
0000020a   PASEL
0000020a   PASEL_L
0000020b   PASEL_H
0000020e   P1IV
00000218   PAIES
00000218   PAIES_L
00000219   PAIES_H
0000021a   PAIE
0000021a   PAIE_L
0000021b   PAIE_H
0000021c   PAIFG
0000021c   PAIFG_L
0000021d   PAIFG_H
0000021e   P2IV
00000220   PBIN
00000220   PBIN_L
00000221   PBIN_H
00000222   PBOUT
00000222   PBOUT_L
00000223   PBOUT_H
00000224   PBDIR
00000224   PBDIR_L
00000225   PBDIR_H
00000226   PBREN
00000226   PBREN_L
00000227   PBREN_H
00000228   PBDS
00000228   PBDS_L
00000229   PBDS_H
0000022a   PBSEL
0000022a   PBSEL_L
0000022b   PBSEL_H
00000240   PCIN
00000240   PCIN_L
00000241   PCIN_H
00000242   PCOUT
00000242   PCOUT_L
00000243   PCOUT_H
00000244   PCDIR
00000244   PCDIR_L
00000245   PCDIR_H
00000246   PCREN
00000246   PCREN_L
00000247   PCREN_H
00000248   PCDS
00000248   PCDS_L
00000249   PCDS_H
0000024a   PCSEL
0000024a   PCSEL_L
0000024b   PCSEL_H
00000320   PJIN
00000320   PJIN_L
00000321   PJIN_H
00000322   PJOUT
00000322   PJOUT_L
00000323   PJOUT_H
00000324   PJDIR
00000324   PJDIR_L
00000325   PJDIR_H
00000326   PJREN
00000326   PJREN_L
00000327   PJREN_H
00000328   PJDS
00000328   PJDS_L
00000329   PJDS_H
00000340   TA0CTL
00000340   TA0CTL_L
00000341   TA0CTL_H
00000342   TA0CCTL0
00000342   TA0CCTL0_L
00000343   TA0CCTL0_H
00000344   TA0CCTL1
00000344   TA0CCTL1_L
00000345   TA0CCTL1_H
00000346   TA0CCTL2
00000346   TA0CCTL2_L
00000347   TA0CCTL2_H
00000348   TA0CCTL3
00000348   TA0CCTL3_L
00000349   TA0CCTL3_H
0000034a   TA0CCTL4
0000034a   TA0CCTL4_L
0000034b   TA0CCTL4_H
00000350   TA0R
00000350   TA0R_L
00000351   TA0R_H
00000352   TA0CCR0
00000352   TA0CCR0_L
00000353   TA0CCR0_H
00000354   TA0CCR1
00000354   TA0CCR1_L
00000355   TA0CCR1_H
00000356   TA0CCR2
00000356   TA0CCR2_L
00000357   TA0CCR2_H
00000358   TA0CCR3
00000358   TA0CCR3_L
00000359   TA0CCR3_H
0000035a   TA0CCR4
0000035a   TA0CCR4_L
0000035b   TA0CCR4_H
00000360   TA0EX0
00000360   TA0EX0_L
00000361   TA0EX0_H
0000036e   TA0IV
0000036e   TA0IV_L
0000036f   TA0IV_H
00000380   TA1CTL
00000380   TA1CTL_L
00000381   TA1CTL_H
00000382   TA1CCTL0
00000382   TA1CCTL0_L
00000383   TA1CCTL0_H
00000384   TA1CCTL1
00000384   TA1CCTL1_L
00000385   TA1CCTL1_H
00000386   TA1CCTL2
00000386   TA1CCTL2_L
00000387   TA1CCTL2_H
00000390   TA1R
00000390   TA1R_L
00000391   TA1R_H
00000392   TA1CCR0
00000392   TA1CCR0_L
00000393   TA1CCR0_H
00000394   TA1CCR1
00000394   TA1CCR1_L
00000395   TA1CCR1_H
00000396   TA1CCR2
00000396   TA1CCR2_L
00000397   TA1CCR2_H
000003a0   TA1EX0
000003a0   TA1EX0_L
000003a1   TA1EX0_H
000003ae   TA1IV
000003ae   TA1IV_L
000003af   TA1IV_H
000004a0   RTCCTL01
000004a0   RTCCTL01_L
000004a1   RTCCTL01_H
000004a2   RTCCTL23
000004a2   RTCCTL23_L
000004a3   RTCCTL23_H
000004a8   RTCPS0CTL
000004a8   RTCPS0CTL_L
000004a9   RTCPS0CTL_H
000004aa   RTCPS1CTL
000004aa   RTCPS1CTL_L
000004ab   RTCPS1CTL_H
000004ac   RTCPS
000004ac   RTCPS_L
000004ad   RTCPS_H
000004ae   RTCIV
000004b0   RTCTIM0
000004b0   RTCTIM0_L
000004b1   RTCTIM0_H
000004b2   RTCTIM1
000004b2   RTCTIM1_L
000004b3   RTCTIM1_H
000004b4   RTCDATE
000004b4   RTCDATE_L
000004b5   RTCDATE_H
000004b6   RTCYEAR
000004b6   RTCYEAR_L
000004b7   RTCYEAR_H
000004b8   RTCAMINHR
000004b8   RTCAMINHR_L
000004b9   RTCAMINHR_H
000004ba   RTCADOWDAY
000004ba   RTCADOWDAY_L
000004bb   RTCADOWDAY_H
000004c0   MPY
000004c0   MPY_L
000004c1   MPY_H
000004c2   MPYS
000004c2   MPYS_L
000004c3   MPYS_H
000004c4   MAC
000004c4   MAC_L
000004c5   MAC_H
000004c6   MACS
000004c6   MACS_L
000004c7   MACS_H
000004c8   OP2
000004c8   OP2_L
000004c9   OP2_H
000004ca   RESLO
000004ca   RESLO_L
000004cb   RESLO_H
000004cc   RESHI
000004cc   RESHI_L
000004cd   RESHI_H
000004ce   SUMEXT
000004ce   SUMEXT_L
000004cf   SUMEXT_H
000004d0   MPY32L
000004d0   MPY32L_L
000004d1   MPY32L_H
000004d2   MPY32H
000004d2   MPY32H_L
000004d3   MPY32H_H
000004d4   MPYS32L
000004d4   MPYS32L_L
000004d5   MPYS32L_H
000004d6   MPYS32H
000004d6   MPYS32H_L
000004d7   MPYS32H_H
000004d8   MAC32L
000004d8   MAC32L_L
000004d9   MAC32L_H
000004da   MAC32H
000004da   MAC32H_L
000004db   MAC32H_H
000004dc   MACS32L
000004dc   MACS32L_L
000004dd   MACS32L_H
000004de   MACS32H
000004de   MACS32H_L
000004df   MACS32H_H
000004e0   OP2L
000004e0   OP2L_L
000004e1   OP2L_H
000004e2   OP2H
000004e2   OP2H_L
000004e3   OP2H_H
000004e4   RES0
000004e4   RES0_L
000004e5   RES0_H
000004e6   RES1
000004e6   RES1_L
000004e7   RES1_H
000004e8   RES2
000004e8   RES2_L
000004e9   RES2_H
000004ea   RES3
000004ea   RES3_L
000004eb   RES3_H
000004ec   MPY32CTL0
000004ec   MPY32CTL0_L
000004ed   MPY32CTL0_H
00000500   DMACTL0
00000500   DMACTL0_L
00000501   DMACTL0_H
00000502   DMACTL1
00000502   DMACTL1_L
00000503   DMACTL1_H
00000504   DMACTL2
00000504   DMACTL2_L
00000505   DMACTL2_H
00000506   DMACTL3
00000506   DMACTL3_L
00000507   DMACTL3_H
00000508   DMACTL4
00000508   DMACTL4_L
00000509   DMACTL4_H
0000050e   DMAIV
0000050e   DMAIV_L
0000050f   DMAIV_H
00000510   DMA0CTL
00000510   DMA0CTL_L
00000511   DMA0CTL_H
00000512   DMA0SA
00000512   DMA0SAL
00000516   DMA0DA
00000516   DMA0DAL
0000051a   DMA0SZ
00000520   DMA1CTL
00000520   DMA1CTL_L
00000521   DMA1CTL_H
00000522   DMA1SA
00000522   DMA1SAL
00000526   DMA1DA
00000526   DMA1DAL
0000052a   DMA1SZ
00000530   DMA2CTL
00000530   DMA2CTL_L
00000531   DMA2CTL_H
00000532   DMA2SA
00000532   DMA2SAL
00000536   DMA2DA
00000536   DMA2DAL
0000053a   DMA2SZ
000005c0   UCA0CTLW0
000005c0   UCA0CTLW0_L
000005c1   UCA0CTLW0_H
000005c6   UCA0BRW
000005c6   UCA0BRW_L
000005c7   UCA0BRW_H
000005c8   UCA0MCTL
000005ca   UCA0STAT
000005cc   UCA0RXBUF
000005ce   UCA0TXBUF
000005d0   UCA0ABCTL
000005d2   UCA0IRCTL
000005d2   UCA0IRCTL_L
000005d3   UCA0IRCTL_H
000005dc   UCA0ICTL
000005dc   UCA0ICTL_L
000005dd   UCA0ICTL_H
000005de   UCA0IV
000005e0   UCB0CTLW0
000005e0   UCB0CTLW0_L
000005e1   UCB0CTLW0_H
000005e6   UCB0BRW
000005e6   UCB0BRW_L
000005e7   UCB0BRW_H
000005ea   UCB0STAT
000005ec   UCB0RXBUF
000005ee   UCB0TXBUF
000005f0   UCB0I2COA
000005f0   UCB0I2COA_L
000005f1   UCB0I2COA_H
000005f2   UCB0I2CSA
000005f2   UCB0I2CSA_L
000005f3   UCB0I2CSA_H
000005fc   UCB0ICTL
000005fc   UCB0ICTL_L
000005fd   UCB0ICTL_H
000005fe   UCB0IV
00000700   ADC12CTL0
00000700   ADC12CTL0_L
00000701   ADC12CTL0_H
00000702   ADC12CTL1
00000702   ADC12CTL1_L
00000703   ADC12CTL1_H
00000704   ADC12CTL2
00000704   ADC12CTL2_L
00000705   ADC12CTL2_H
0000070a   ADC12IFG
0000070a   ADC12IFG_L
0000070b   ADC12IFG_H
0000070c   ADC12IE
0000070c   ADC12IE_L
0000070d   ADC12IE_H
0000070e   ADC12IV
0000070e   ADC12IV_L
0000070f   ADC12IV_H
00000710   ADC12MCTL0
00000711   ADC12MCTL1
00000712   ADC12MCTL2
00000713   ADC12MCTL3
00000714   ADC12MCTL4
00000715   ADC12MCTL5
00000716   ADC12MCTL6
00000717   ADC12MCTL7
00000718   ADC12MCTL8
00000719   ADC12MCTL9
0000071a   ADC12MCTL10
0000071b   ADC12MCTL11
0000071c   ADC12MCTL12
0000071d   ADC12MCTL13
0000071e   ADC12MCTL14
0000071f   ADC12MCTL15
00000720   ADC12MEM0
00000720   ADC12MEM0_L
00000721   ADC12MEM0_H
00000722   ADC12MEM1
00000722   ADC12MEM1_L
00000723   ADC12MEM1_H
00000724   ADC12MEM2
00000724   ADC12MEM2_L
00000725   ADC12MEM2_H
00000726   ADC12MEM3
00000726   ADC12MEM3_L
00000727   ADC12MEM3_H
00000728   ADC12MEM4
00000728   ADC12MEM4_L
00000729   ADC12MEM4_H
0000072a   ADC12MEM5
0000072a   ADC12MEM5_L
0000072b   ADC12MEM5_H
0000072c   ADC12MEM6
0000072c   ADC12MEM6_L
0000072d   ADC12MEM6_H
0000072e   ADC12MEM7
0000072e   ADC12MEM7_L
0000072f   ADC12MEM7_H
00000730   ADC12MEM8
00000730   ADC12MEM8_L
00000731   ADC12MEM8_H
00000732   ADC12MEM9
00000732   ADC12MEM9_L
00000733   ADC12MEM9_H
00000734   ADC12MEM10
00000734   ADC12MEM10_L
00000735   ADC12MEM10_H
00000736   ADC12MEM11
00000736   ADC12MEM11_L
00000737   ADC12MEM11_H
00000738   ADC12MEM12
00000738   ADC12MEM12_L
00000739   ADC12MEM12_H
0000073a   ADC12MEM13
0000073a   ADC12MEM13_L
0000073b   ADC12MEM13_H
0000073c   ADC12MEM14
0000073c   ADC12MEM14_L
0000073d   ADC12MEM14_H
0000073e   ADC12MEM15
0000073e   ADC12MEM15_L
0000073f   ADC12MEM15_H
000008c0   CBCTL0
000008c0   CBCTL0_L
000008c1   CBCTL0_H
000008c2   CBCTL1
000008c2   CBCTL1_L
000008c3   CBCTL1_H
000008c4   CBCTL2
000008c4   CBCTL2_L
000008c5   CBCTL2_H
000008c6   CBCTL3
000008c6   CBCTL3_L
000008c7   CBCTL3_H
000008cc   CBINT
000008cc   CBINT_L
000008cd   CBINT_H
000008ce   CBIV
000009c0   AESACTL0
000009c0   AESACTL0_L
000009c1   AESACTL0_H
000009c4   AESASTAT
000009c4   AESASTAT_L
000009c5   AESASTAT_H
000009c6   AESAKEY
000009c6   AESAKEY_L
000009c7   AESAKEY_H
000009c8   AESADIN
000009c8   AESADIN_L
000009c9   AESADIN_H
000009ca   AESADOUT
000009ca   AESADOUT_L
000009cb   AESADOUT_H
00000a00   LCDBCTL0
00000a00   LCDBCTL0_L
00000a01   LCDBCTL0_H
00000a02   LCDBCTL1
00000a02   LCDBCTL1_L
00000a03   LCDBCTL1_H
00000a04   LCDBBLKCTL
00000a04   LCDBBLKCTL_L
00000a05   LCDBBLKCTL_H
00000a06   LCDBMEMCTL
00000a06   LCDBMEMCTL_L
00000a07   LCDBMEMCTL_H
00000a08   LCDBVCTL
00000a08   LCDBVCTL_L
00000a09   LCDBVCTL_H
00000a0a   LCDBPCTL0
00000a0a   LCDBPCTL0_L
00000a0b   LCDBPCTL0_H
00000a0c   LCDBPCTL1
00000a0c   LCDBPCTL1_L
00000a0d   LCDBPCTL1_H
00000a0e   LCDBPCTL2
00000a0e   LCDBPCTL2_L
00000a0f   LCDBPCTL2_H
00000a10   LCDBPCTL3
00000a10   LCDBPCTL3_L
00000a11   LCDBPCTL3_H
00000a12   LCDBCPCTL
00000a12   LCDBCPCTL_L
00000a13   LCDBCPCTL_H
00000a1e   LCDBIV
00000a20   LCDM1
00000a21   LCDM2
00000a22   LCDM3
00000a23   LCDM4
00000a24   LCDM5
00000a25   LCDM6
00000a26   LCDM7
00000a27   LCDM8
00000a28   LCDM9
00000a29   LCDM10
00000a2a   LCDM11
00000a2b   LCDM12
00000a2c   LCDM13
00000a2d   LCDM14
00000a2e   LCDM15
00000a2f   LCDM16
00000a30   LCDM17
00000a31   LCDM18
00000a32   LCDM19
00000a33   LCDM20
00000a34   LCDM21
00000a35   LCDM22
00000a36   LCDM23
00000a37   LCDM24
00000a40   LCDBM1
00000a41   LCDBM2
00000a42   LCDBM3
00000a43   LCDBM4
00000a44   LCDBM5
00000a45   LCDBM6
00000a46   LCDBM7
00000a47   LCDBM8
00000a48   LCDBM9
00000a49   LCDBM10
00000a4a   LCDBM11
00000a4b   LCDBM12
00000a4c   LCDBM13
00000a4d   LCDBM14
00000a4e   LCDBM15
00000a4f   LCDBM16
00000a50   LCDBM17
00000a51   LCDBM18
00000a52   LCDBM19
00000a53   LCDBM20
00000a54   LCDBM21
00000a55   LCDBM22
00000a56   LCDBM23
00000a57   LCDBM24
00000f00   RF1AIFCTL0
00000f00   RF1AIFCTL0_L
00000f01   RF1AIFCTL0_H
00000f02   RF1AIFCTL1
00000f02   RF1AIFCTL1_L
00000f03   RF1AIFCTL1_H
00000f04   RF1AIFCTL2
00000f04   RF1AIFCTL2_L
00000f05   RF1AIFCTL2_H
00000f06   RF1AIFERR
00000f06   RF1AIFERR_L
00000f07   RF1AIFERR_H
00000f0c   RF1AIFERRV
00000f0c   RF1AIFERRV_L
00000f0d   RF1AIFERRV_H
00000f0e   RF1AIFIV
00000f0e   RF1AIFIV_L
00000f0f   RF1AIFIV_H
00000f10   RF1AINSTRW
00000f10   RF1AINSTRW_L
00000f11   RF1AINSTRW_H
00000f12   RF1AINSTR1W
00000f12   RF1AINSTR1W_L
00000f13   RF1AINSTR1W_H
00000f14   RF1AINSTR2W
00000f14   RF1AINSTR2W_L
00000f15   RF1AINSTR2W_H
00000f16   RF1ADINW
00000f16   RF1ADINW_L
00000f17   RF1ADINW_H
00000f20   RF1ASTAT0W
00000f20   RF1ASTAT0W_L
00000f21   RF1ASTAT0W_H
00000f22   RF1ASTAT1W
00000f22   RF1ASTAT1W_L
00000f23   RF1ASTAT1W_H
00000f24   RF1ASTAT2W
00000f24   RF1ASTAT2W_L
00000f25   RF1ASTAT2W_H
00000f28   RF1ADOUT0W
00000f28   RF1ADOUT0W_L
00000f29   RF1ADOUT0W_H
00000f2a   RF1ADOUT1W
00000f2a   RF1ADOUT1W_L
00000f2b   RF1ADOUT1W_H
00000f2c   RF1ADOUT2W
00000f2c   RF1ADOUT2W_L
00000f2d   RF1ADOUT2W_H
00000f30   RF1AIN
00000f30   RF1AIN_L
00000f31   RF1AIN_H
00000f32   RF1AIFG
00000f32   RF1AIFG_L
00000f33   RF1AIFG_H
00000f34   RF1AIES
00000f34   RF1AIES_L
00000f35   RF1AIES_H
00000f36   RF1AIE
00000f36   RF1AIE_L
00000f37   RF1AIE_H
00000f38   RF1AIV
00000f38   RF1AIV_L
00000f39   RF1AIV_H
00000f3c   RF1ARXFIFO
00000f3c   RF1ARXFIFO_L
00000f3d   RF1ARXFIFO_H
00000f3e   RF1ATXFIFO
00000f3e   RF1ATXFIFO_L
00000f3f   RF1ATXFIFO_H
00001c00   .bss
00001c00   Onibus
00001c00   __bss__
00001c72   Guiche
00001c75   msg
00001c90   simpliciti_msg
00001c9a   SRC
00001c9c   DST
00001c9e   simpliciti_ed_address
00001ca2   buffer_a_transmitir
00001ffa   num_onibus_conectados
00001ffb   Conexao
000020f6   method
00002118   ed_data
0000213a   ESTADO_RX_UART
0000213c   buffer_uart_rx
0000213e   pos_buffer
00002140   tamanho_buffer
00002142   uart_msg
00002172   _lock
00002176   _unlock
0000217a   _cleanup_ptr
0000217e   _dtors_ptr
0000218a   ed_send_request
00002193   __end__
00002193   end
00002194   _sys_memory
00002bac   _stack
00002bfc   __STACK_END
00008000   .text
00008000   __text__
000081ec   nwk_link
0000839c   MRFI_Init
00008512   ReportEventUart
00008678   SMPL_Ioctl
000087a8   nwk_join
000088ca   nwk_getSecureFrame
000089de   SMPL_SendOpt
00008ae6   nwk_scanForChannels
00008cd6   nwk_retrieveFrame
00008dc8   nwk_QfindOldest
00008f90   nwk_allocateLocalRxPort
00009064   MRFI_Transmit
000091e4   AddBarcodeBuffer
00009292   malloc
000093da   nwk_radioControl
00009476   TrataIntUartRx
0000950c   mrfiRadioInterfaceCmdStrobe
0000959c   nwk_buildFrame
0000962c   nwk_setSecureFrame
000096bc   nwk_isConnectionValid
0000974a   nwk_sendAckReply
000097d8   nwk_nwkInit
0000985e   free
000098de   nwk_QfindSlot
00009a36   MRFI_RadioIsr
00009a9e   main_end_device
00009b06   mrfiRadioInterfaceReadRxFifo
00009b6a   nwk_rawSend
00009bca   set_bus_guiche
00009ccc   TrataMsgSimpliciti
00009d1e   init_uart
00009d70   Encode_siaer_data_onibus
00009e06   _auto_init
00009e4c   mrfiRadioInterfaceReadReg
00009e92   SMPL_Receive
00009ed6   SMPL_Init
00009f18   nwk_getNextConnection
00009f5a   nwk_isValidReply
00009f9a   InitBusGuiche
00009fd8   L_LSL_15
00009fdc   L_LSL_14
00009fe0   L_LSL_13
00009fe4   L_LSL_12
00009fe8   L_LSL_11
00009fec   L_LSL_10
00009ff0   L_LSL_9
00009ff4   L_LSL_8
00009ff8   L_LSL_7
00009ffc   L_LSL_6
0000a000   L_LSL_5
0000a004   L_LSL_4
0000a008   L_LSL_3
0000a00c   L_LSL_2
0000a010   L_LSL_1
0000a016   L_LSR_15
0000a01a   L_LSR_14
0000a01e   L_LSR_13
0000a022   L_LSR_12
0000a026   L_LSR_11
0000a02a   L_LSR_10
0000a02e   L_LSR_9
0000a032   L_LSR_8
0000a036   L_LSR_7
0000a03a   L_LSR_6
0000a03e   L_LSR_5
0000a042   L_LSR_4
0000a046   L_LSR_3
0000a04a   L_LSR_2
0000a04e   L_LSR_1
0000a054   nwk_findPeer
0000a092   MRFI_ReplyDelay
0000a0ce   nwk_isLinkDuplicate
0000a17e   minit
0000a1b8   nwk_freqControl
0000a1f2   nwk_processMgmt
0000a264   nwk_putNumObjectIntoMsg
0000a29a   BSP_Delay
0000a2ce   mrfiRadioInterfaceWriteReg
0000a302   mrfiRadioInterfaceWriteTxFifo
0000a336   MRFI_SetLogicalChannel
0000a368   nwk_deviceAddress
0000a3ca   nwk_linkInit
0000a3fa   nwk_rawReceive
0000a42a   nwk_sendFrame
0000a488   nwk_processFreq
0000a4e2   nwk_QadjustOrder
0000a50e   __divi
0000a50e   __remi
0000a53a   MRFI_SetRxAddrFilter
0000a58e   _c_int00
0000a58e   _c_int00_noexit
0000a5b8   calloc
0000a60c   nwk_getAPAddress
0000a634   nwk_getConnInfo
0000a65c   nwk_processPing
0000a6aa   TrataMsg
0000a6f6   nwk_checkConnInfo
0000a71c   nwk_globalsInit
0000a742   nwk_joinInit
0000a768   nwk_processLink
0000a78e   MRFI_Sleep
0000a7fa   memcmp
0000a81e   MRFI_WakeUp
0000a840   nwk_buildAckReqFrame
0000a862   BSP_Init
0000a882   MRFI_Rssi
0000a8a2   MRFI_RxCompleteISR
0000a8c2   MRFI_RxIdle
0000a8e2   MRFI_RxOn
0000a902   memmove
0000a922   nwk_connectionControl
0000a942   MRFI_EnableRxAddrFilter
0000a97e   nwk_frameInit
0000a99c   nwk_setMyAddress
0000a9ba   TIMER1_A0_ISR
0000a9d6   nwk_QInit
0000a9f2   nwk_processJoin
0000aa0e   nwk_setChannel
0000aa2a   MRFI_SetRFPwr
0000aa44   MRFI_DelayMs
0000aa5c   BSP_InitLeds
0000aa72   MRFI_RandomByte
0000aa9e   TXString
0000aab4   Timer1_Init
0000aaca   nwk_freqInit
0000aae0   __divu
0000aae0   __remu
0000aaf6   __mpyi_f5hw
0000ab0c   toggleLED
0000ab22   USCI_A0_ISR
0000ab4a   main
0000ab5e   memset
0000ab72   _system_pre_init
0000aba8   memcpy
0000abba   nwk_getJoinToken
0000abcc   nwk_getLinkToken
0000abde   nwk_getMyAddress
0000abf0   nwk_setJoinToken
0000ac02   nwk_setLinkToken
0000ac26   BSP_InitBoard
0000ac36   BSP_InitButtons
0000ac44   MRFI_PostKillSem
0000ac50   MRFI_Receive
0000ac68   nwk_getNumObjectFromMsg
0000ac74   nwk_setAPAddress
0000ac80   nwk_mgmtInit
0000ac8a   nwk_pingInit
0000ac94   nwk_securityInit
0000ac9e   BSP_InitDrivers
0000acae   nwk_getChannel
0000acb6   MRFI_GetRadioState
0000acbc   SMPL_Send
0000acc2   nwk_freeConnection
0000acc8   nwk_getBCastAddress
0000acce   nwk_getFWVersion
0000acd4   nwk_getMyRxType
0000acda   SMPL_Link
0000acde   C$$EXIT
0000acde   abort
0000ace2   nwk_NVObj
0000ace6   nwk_getProtocolVersion
0000acea   nwk_processSecurity
0000acf2   _nop
0000acf4   __cinit__
0000acf4   __etext__
0000acf4   cinit
0000acf4   etext
0000ae38   mrfiRadioCfg
0000aeb4   mrfiBroadcastAddr
0000fffe   _reset_vector
ffffffff   __binit__
ffffffff   __c_args__
ffffffff   __pinit__
ffffffff   binit
ffffffff   pinit

[968 symbols]
